In resolveEntity.. -//mkrishna mohan//DTD//music pub//EN/ http://sc11152338.us.oracle.com:8080/xmlsqe/jaxp/web/testfiles/JAXPREP/publishers.dtd
In resolveEntity.. null http://sc11152338.us.oracle.com:8080/xmlsqe/jaxp/web/testfiles/JAXPREP/familytree.dtd
